tettstfdfd
fdfeeeeeeeeeeeeeeeeeeddfdsf
